[1/4] sanitise bands + exact submission-template footprint
      template footprint=5,167,373; template cells with missing core band=3,073
[2/4] build 121 research channels
  ch   1 mag_anom
  ch   2 rtp
  ch   3 tmi_hg
  ch   4 geod_2ndinv
  ch   5 iso_grav_anom_slope
  ch   6 tc
  ch   7 geod_shearrate
  ch   8 geod_dilaterate
  ch   9 tmi_vg
  ch  10 deq_n100a15
  ch  11 iso_grav_anom_vg
  ch  12 det_elev
  ch  13 iso_grav_anom
  ch  14 tmi
  ch  15 depth_to_base_surf
  ch  16 ieq_n100a15
  ch  17 cond_surf
  ch  18 iso_grav_anom_hg
  ch  19 det_elev_slope
  ch  20 rad_K
  ch  21 rad_Th
  ch  22 rad_U
  ch  23 rad_TC
  ch  24 ext_ThK
  ch  25 ext_UK
  ch  26 ext_UTh
  ch  27 ext_TMI_up150
  ch  28 lid_ex_max
  ch  29 lid_ex_mean
  ch  30 lid_step_max
  ch  31 lid_lapneg_max
  ch  32 lid_lappos_max
  ch  33 lid_downface_max
  ch  34 lid_upface_max
  ch  35 lid_cross_max
  ch  36 lid_relief
  ch  37 lid_coh100
  ch  38 lid_strike
  ch  39 lid_valid
  ch  40 det_elev_gms1
  ch  41 det_elev_laps1
  ch  42 det_elev_gms2
  ch  43 det_elev_laps2
  ch  44 det_elev_gms4
  ch  45 det_elev_laps4
  ch  46 det_elev_curv2
  ch  47 det_elev_curv4
  ch  48 det_elev_ridge
  ch  49 det_elev_coh
  ch  50 depth_to_base_surf_gms1
  ch  51 depth_to_base_surf_laps1
  ch  52 depth_to_base_surf_gms2
  ch  53 depth_to_base_surf_laps2
  ch  54 depth_to_base_surf_gms4
  ch  55 depth_to_base_surf_laps4
  ch  56 depth_to_base_surf_curv2
  ch  57 depth_to_base_surf_curv4
  ch  58 depth_to_base_surf_ridge
  ch  59 depth_to_base_surf_coh
  ch  60 iso_grav_anom_gms1
  ch  61 iso_grav_anom_laps1
  ch  62 iso_grav_anom_gms2
  ch  63 iso_grav_anom_laps2
  ch  64 iso_grav_anom_gms4
  ch  65 iso_grav_anom_laps4
  ch  66 iso_grav_anom_curv2
  ch  67 iso_grav_anom_curv4
  ch  68 iso_grav_anom_ridge
  ch  69 iso_grav_anom_coh
  ch  70 rtp_gms1
  ch  71 rtp_laps1
  ch  72 rtp_gms2
  ch  73 rtp_laps2
  ch  74 rtp_gms4
  ch  75 rtp_laps4
  ch  76 rtp_curv2
  ch  77 rtp_curv4
  ch  78 rtp_ridge
  ch  79 rtp_coh
  ch  80 mag_anom_gms1
  ch  81 mag_anom_laps1
  ch  82 mag_anom_gms2
  ch  83 mag_anom_laps2
  ch  84 mag_anom_gms4
  ch  85 mag_anom_laps4
  ch  86 mag_anom_curv2
  ch  87 mag_anom_curv4
  ch  88 mag_anom_ridge
  ch  89 mag_anom_coh
  ch  90 cond_surf_gms1
  ch  91 cond_surf_laps1
  ch  92 cond_surf_gms2
  ch  93 cond_surf_laps2
  ch  94 cond_surf_gms4
  ch  95 cond_surf_laps4
  ch  96 cond_surf_curv2
  ch  97 cond_surf_curv4
  ch  98 cond_surf_ridge
  ch  99 cond_surf_coh
  ch 100 ieq_n100a15_gms1
  ch 101 ieq_n100a15_laps1
  ch 102 ieq_n100a15_gms2
  ch 103 ieq_n100a15_laps2
  ch 104 ieq_n100a15_gms4
  ch 105 ieq_n100a15_laps4
  ch 106 ieq_n100a15_curv2
  ch 107 ieq_n100a15_curv4
  ch 108 ieq_n100a15_ridge
  ch 109 ieq_n100a15_coh
  ch 110 tmi_gms1
  ch 111 tmi_laps1
  ch 112 tmi_gms2
  ch 113 tmi_laps2
  ch 114 tmi_gms4
  ch 115 tmi_laps4
  ch 116 tmi_curv2
  ch 117 tmi_curv4
  ch 118 tmi_ridge
  ch 119 tmi_coh
  ch 120 ext_TMI_up150_gm2
  ch 121 ext_TMI_up150_ridge
built 121 channels; removed stale channel files
      {'n_channels': 121, 'footprint_cells': 5167373}
[3/4] unique GDR well/spring-cell density (descriptive only)
      saved unique-cell density; NOT treated as fault-catalogue completeness
[4/4] OOF detector — skipped
prepare_data complete in 228.2s
